[backblue.gif]
[fade.gif]
[index.html]
[jquery.jarodxxx.com/images/bookmarklet.png]
[jquery.jarodxxx.com/images/etendre.png]
[jquery.jarodxxx.com/images/addEngine.png]
[pagead2.googlesyndication.com/pagead/show_ads.js]
[jquery.jarodxxx.com/images/125x125jquery.png]
[jquery.jarodxxx.com/manuel/index.html]
[jquery.jarodxxx.com/images/bg.jpg]
[jquery.jarodxxx.com/images/banner.jpg]
[jquery.jarodxxx.com/images/top_menu_01.png]
[jquery.jarodxxx.com/images/top_menu1_01.png]
[jquery.jarodxxx.com/images/top_menu_02.png]
[jquery.jarodxxx.com/images/top_menu1_02.png]
[jquery.jarodxxx.com/images/top_menu_03.png]
[jquery.jarodxxx.com/images/top_menu1_03.png]
[jquery.jarodxxx.com/images/search.png]
[jquery.jarodxxx.com/images/go.png]
[jquery.jarodxxx.com/images/go1.png]
[jquery.jarodxxx.com/images/menu_01.png]
[jquery.jarodxxx.com/images/menu1_01.png]
[jquery.jarodxxx.com/images/menu_02.png]
[jquery.jarodxxx.com/images/menu1_02.png]
[jquery.jarodxxx.com/images/menu_03.png]
[jquery.jarodxxx.com/images/menu1_03.png]
[jquery.jarodxxx.com/images/menu_04.png]
[jquery.jarodxxx.com/images/menu1_04.png]
[jquery.jarodxxx.com/images/morelinks_box_01.png]
[jquery.jarodxxx.com/images/morelinks_box_02.png]
[jquery.jarodxxx.com/images/morelinks.png]
[jquery.jarodxxx.com/images/morelinks_box_03.png]
[jquery.jarodxxx.com/images/morelinks_active.png]
[jquery.jarodxxx.com/images/morelinks_hover.jpg]
[jquery.jarodxxx.com/images/inner_link.png]
[jquery.jarodxxx.com/images/tickmark.png]
[jquery.jarodxxx.com/images/inner_banner.jpg]
[jquery.jarodxxx.com/images/innerbanner_head.png]
[jquery.jarodxxx.com/images/inner_link1.png]
[jquery.jarodxxx.com/images/freereg.png]
[jquery.jarodxxx.com/images/right_03.jpg]
[jquery.jarodxxx.com/images/right_01.jpg]
[jquery.jarodxxx.com/images/right_04.jpg]
[jquery.jarodxxx.com/images/right_02.jpg]
[jquery.jarodxxx.com/images/bodyarea1_bg.jpg]
[jquery.jarodxxx.com/images/menu_inner_02.png]
[jquery.jarodxxx.com/images/menu_inner_01.png]
[jquery.jarodxxx.com/images/readmore.png]
[jquery.jarodxxx.com/images/readmore1.png]
[jquery.jarodxxx.com/images/loginbg.png]
[jquery.jarodxxx.com/images/login_head.png]
[jquery.jarodxxx.com/images/login_buttons_01.png]
[jquery.jarodxxx.com/images/login_buttons1_01.png]
[jquery.jarodxxx.com/images/login_buttons_02.png]
[jquery.jarodxxx.com/images/login_buttons1_02.png]
[jquery.jarodxxx.com/images/call.png]
[jquery.jarodxxx.com/images/bookmark.png]
[jquery.jarodxxx.com/images/facing.png]
[jquery.jarodxxx.com/images/fotter_bg.jpg]
[jquery.jarodxxx.com/images/fotter_validation.png]
[jquery.jarodxxx.com/images/fotter_validation1.png]
[jquery.jarodxxx.com/style.css]
[jquery.jarodxxx.com/js/jquery-1.3.1.min.js]
[jquery.jarodxxx.com/js/load.js]
[jquery.jarodxxx.com/manuel/Les-fonctions-de-base/index.html]
[jquery.jarodxxx.com/images/snook.gif]
[jquery.jarodxxx.com/manuel/Les-fonctions-de-base/Aliasse-par/index.html]
[jquery.jarodxxx.com/manuel/Les-fonctions-de-base/context/index.html]
[jquery.jarodxxx.com/images/idea.png]
[jquery.jarodxxx.com/manuel/Les-fonctions-de-base/data/index.html]
[jquery.jarodxxx.com/demo/each/bravo.gif]
[jquery.jarodxxx.com/demo/each/ronfle.gif]
[jquery.jarodxxx.com/manuel/Les-fonctions-de-base/each/index.html]
[jquery.jarodxxx.com/manuel/Les-fonctions-de-base/eq/index.html]
[jquery.jarodxxx.com/manuel/Les-fonctions-de-base/get/index.html]
[jquery.jarodxxx.com/manuel/Les-fonctions-de-base/gt/index.html]
[jquery.jarodxxx.com/manuel/Les-fonctions-de-base/index/index.html]
[jquery.jarodxxx.com/manuel/Les-fonctions-de-base/jQueryfnextend/index.html]
[jquery.jarodxxx.com/manuel/Les-fonctions-de-base/jQuerynoConflict/index.html]
[jquery.jarodxxx.com/manuel/Les-fonctions-de-base/length/index.html]
[jquery.jarodxxx.com/manuel/Les-fonctions-de-base/lt/index.html]
[jquery.jarodxxx.com/manuel/Les-fonctions-de-base/removeData/index.html]
[jquery.jarodxxx.com/manuel/Les-fonctions-de-base/selector/index.html]
[jquery.jarodxxx.com/manuel/Les-fonctions-de-base/size/index.html]
[jquery.jarodxxx.com/manuel/Les-attributs/index.html]
[jquery.jarodxxx.com/manuel/Les-attributs/addClass/index.html]
[jquery.jarodxxx.com/manuel/Les-attributs/attr/index.html]
[jquery.jarodxxx.com/manuel/Les-attributs/hasClass/index.html]
[jquery.jarodxxx.com/manuel/Les-attributs/html/index.html]
[jquery.jarodxxx.com/manuel/Les-attributs/removeAttr/index.html]
[jquery.jarodxxx.com/manuel/Les-attributs/text/index.html]
[jquery.jarodxxx.com/manuel/Les-attributs/toggleClass/index.html]
[jquery.jarodxxx.com/manuel/Les-attributs/val/index.html]
[jquery.jarodxxx.com/manuel/Les-parcours/index.html]
[jquery.jarodxxx.com/manuel/Les-parcours/add/index.html]
[jquery.jarodxxx.com/manuel/Les-parcours/children/index.html]
[jquery.jarodxxx.com/manuel/Les-parcours/contents/index.html]
[jquery.jarodxxx.com/manuel/Les-parcours/end/index.html]
[jquery.jarodxxx.com/manuel/Les-parcours/filter/index.html]
[jquery.jarodxxx.com/manuel/Les-parcours/find/index.html]
[jquery.jarodxxx.com/manuel/Les-parcours/is/index.html]
[jquery.jarodxxx.com/manuel/Les-parcours/map/index.html]
[jquery.jarodxxx.com/manuel/Les-parcours/next/index.html]
[jquery.jarodxxx.com/manuel/Les-parcours/not/index.html]
[jquery.jarodxxx.com/manuel/Les-parcours/parent/index.html]
[jquery.jarodxxx.com/manuel/Les-parcours/prev/index.html]
[jquery.jarodxxx.com/manuel/Les-parcours/siblings/index.html]
[jquery.jarodxxx.com/manuel/Les-parcours/slice/index.html]
[jquery.jarodxxx.com/manuel/Les-manipulateurs/index.html]
[jquery.jarodxxx.com/manuel/Les-manipulateurs/after/index.html]
[jquery.jarodxxx.com/manuel/Les-manipulateurs/append/index.html]
[jquery.jarodxxx.com/manuel/Les-manipulateurs/appendTo/index.html]
[jquery.jarodxxx.com/manuel/Les-manipulateurs/before/index.html]
[jquery.jarodxxx.com/manuel/Les-manipulateurs/clone/index.html]
[jquery.jarodxxx.com/manuel/Les-manipulateurs/empty/index.html]
[jquery.jarodxxx.com/manuel/Les-manipulateurs/insertAfter/index.html]
[jquery.jarodxxx.com/manuel/Les-manipulateurs/insertBefore/index.html]
[jquery.jarodxxx.com/manuel/Les-manipulateurs/prepend/index.html]
[jquery.jarodxxx.com/manuel/Les-manipulateurs/prependTo/index.html]
[jquery.jarodxxx.com/manuel/Les-manipulateurs/remove/index.html]
[jquery.jarodxxx.com/manuel/Les-manipulateurs/wrap/index.html]
[jquery.jarodxxx.com/manuel/Les-css/index.html]
[jquery.jarodxxx.com/manuel/Les-css/css/index.html]
[jquery.jarodxxx.com/manuel/Les-css/height/index.html]
[jquery.jarodxxx.com/manuel/Les-css/width/index.html]
[jquery.jarodxxx.com/manuel/Les-evenements/index.html]
[jquery.jarodxxx.com/manuel/Les-evenements/bind/index.html]
[jquery.jarodxxx.com/manuel/Les-evenements/blur/index.html]
[jquery.jarodxxx.com/manuel/Les-evenements/change/index.html]
[jquery.jarodxxx.com/manuel/Les-evenements/click/index.html]
[jquery.jarodxxx.com/manuel/Les-evenements/dblclick/index.html]
[jquery.jarodxxx.com/manuel/Les-evenements/die/index.html]
[jquery.jarodxxx.com/manuel/Les-evenements/error/index.html]
[jquery.jarodxxx.com/manuel/Les-evenements/focus/index.html]
[jquery.jarodxxx.com/manuel/Les-evenements/hover/index.html]
[jquery.jarodxxx.com/manuel/Les-evenements/keydown/index.html]
[jquery.jarodxxx.com/manuel/Les-evenements/keypress/index.html]
[jquery.jarodxxx.com/manuel/Les-evenements/keyup/index.html]
[jquery.jarodxxx.com/manuel/Les-evenements/live/index.html]
[jquery.jarodxxx.com/manuel/Les-evenements/load/index.html]
[jquery.jarodxxx.com/manuel/Les-evenements/mousedown/index.html]
[jquery.jarodxxx.com/manuel/Les-evenements/mousemove/index.html]
[jquery.jarodxxx.com/manuel/Les-evenements/mouseout/index.html]
[jquery.jarodxxx.com/manuel/Les-evenements/mouseover/index.html]
[jquery.jarodxxx.com/manuel/Les-evenements/mouseup/index.html]
[jquery.jarodxxx.com/manuel/Les-evenements/one/index.html]
[jquery.jarodxxx.com/manuel/Les-evenements/ready/index.html]
[jquery.jarodxxx.com/manuel/Les-evenements/resize/index.html]
[jquery.jarodxxx.com/manuel/Les-evenements/scroll/index.html]
[jquery.jarodxxx.com/manuel/Les-evenements/select/index.html]
[jquery.jarodxxx.com/manuel/Les-evenements/submit/index.html]
[jquery.jarodxxx.com/manuel/Les-evenements/toggle/index.html]
[jquery.jarodxxx.com/manuel/Les-evenements/trigger/index.html]
[jquery.jarodxxx.com/manuel/Les-evenements/unbind/index.html]
[jquery.jarodxxx.com/manuel/Les-evenements/unload/index.html]
[jquery.jarodxxx.com/manuel/Les-effets/index.html]
[jquery.jarodxxx.com/manuel/Les-effets/animate/index.html]
[jquery.jarodxxx.com/manuel/Les-effets/clearQueue/index.html]
[jquery.jarodxxx.com/manuel/Les-effets/fadeIn/index.html]
[jquery.jarodxxx.com/manuel/Les-effets/fadeOut/index.html]
[jquery.jarodxxx.com/manuel/Les-effets/fadeTo/index.html]
[jquery.jarodxxx.com/manuel/Les-effets/hide/index.html]
[jquery.jarodxxx.com/manuel/Les-effets/show/index.html]
[jquery.jarodxxx.com/manuel/Les-effets/slideDown/index.html]
[jquery.jarodxxx.com/manuel/Les-effets/slideToggle/index.html]
[jquery.jarodxxx.com/manuel/Les-effets/slideUp/index.html]
[jquery.jarodxxx.com/manuel/Les-effets/toggle/index.html]
[jquery.jarodxxx.com/manuel/Les-fonctions-AJAX/index.html]
[jquery.jarodxxx.com/manuel/Les-fonctions-AJAX/ajax/index.html]
[jquery.jarodxxx.com/manuel/Les-fonctions-AJAX/ajaxComplete/index.html]
[jquery.jarodxxx.com/manuel/Les-fonctions-AJAX/ajaxError/index.html]
[jquery.jarodxxx.com/manuel/Les-fonctions-AJAX/ajaxSend/index.html]
[jquery.jarodxxx.com/manuel/Les-fonctions-AJAX/ajaxSetup/index.html]
[jquery.jarodxxx.com/manuel/Les-fonctions-AJAX/ajaxStart/index.html]
[jquery.jarodxxx.com/manuel/Les-fonctions-AJAX/ajaxStop/index.html]
[jquery.jarodxxx.com/manuel/Les-fonctions-AJAX/ajaxSuccess/index.html]
[jquery.jarodxxx.com/manuel/Les-fonctions-AJAX/ajaxTimeout/index.html]
[jquery.jarodxxx.com/manuel/Les-fonctions-AJAX/get/index.html]
[jquery.jarodxxx.com/manuel/Les-fonctions-AJAX/getIfModified/index.html]
[jquery.jarodxxx.com/manuel/Les-fonctions-AJAX/getJSON/index.html]
[jquery.jarodxxx.com/manuel/Les-fonctions-AJAX/getScript/index.html]
[jquery.jarodxxx.com/manuel/Les-fonctions-AJAX/load/index.html]
[jquery.jarodxxx.com/manuel/Les-fonctions-AJAX/loadIfModified/index.html]
[jquery.jarodxxx.com/manuel/Les-fonctions-AJAX/post/index.html]
[jquery.jarodxxx.com/manuel/Les-fonctions-AJAX/serialize/index.html]
[jquery.jarodxxx.com/manuel/Les-inclassables/index.html]
[jquery.jarodxxx.com/manuel/Les-inclassables/browser/index.html]
[jquery.jarodxxx.com/manuel/Les-inclassables/each/index.html]
[jquery.jarodxxx.com/manuel/Les-inclassables/extend/index.html]
[jquery.jarodxxx.com/manuel/Les-inclassables/grep/index.html]
[jquery.jarodxxx.com/manuel/Les-inclassables/map/index.html]
[jquery.jarodxxx.com/manuel/Les-inclassables/merge/index.html]
[jquery.jarodxxx.com/manuel/Les-inclassables/trim/index.html]
[jquery.jarodxxx.com/manuel/Les-selecteurs/index.html]
[jquery.jarodxxx.com/manuel/Les-selecteurs/selecteur/index.html]
[jquery.jarodxxx.com/manuel/Les-evenements/live/no.html]
[jquery.jarodxxx.com/manuel/Les-effets/fadeTo/xavier-kress.html]
[jquery.jarodxxx.com/manuel/Les-effets/slideToggle/www.gillesdumas.html]
[jquery.jarodxxx.com/manuel/Les-fonctions-AJAX/ajax/www_yyy.html]
[jquery.jarodxxx.com/manuel/Les-selecteurs/selecteur/www.vertige-mondain.html]
